2025-06-21T00:47:37.803Z error: SequelizeDatabaseError: Not unique table/alias: 'category'
    at Query.formatError (D:\Projects\Companies\Luminar\Zaky's Code\chat-back\node_modules\sequelize\lib\dialects\mysql\query.js:243:16)
    at Query.handler [as onResult] (D:\Projects\Companies\Luminar\Zaky's Code\chat-back\node_modules\sequelize\lib\dialects\mysql\query.js:50:23)
    at Query.execute (D:\Projects\Companies\Luminar\Zaky's Code\chat-back\node_modules\mysql2\lib\commands\command.js:36:14)
    at Connection.handlePacket (D:\Projects\Companies\Luminar\Zaky's Code\chat-back\node_modules\mysql2\lib\base\connection.js:475:34)
    at PacketParser.onPacket (D:\Projects\Companies\Luminar\Zaky's Code\chat-back\node_modules\mysql2\lib\base\connection.js:93:12)
    at PacketParser.executeStart (D:\Projects\Companies\Luminar\Zaky's Code\chat-back\node_modules\mysql2\lib\packet_parser.js:75:16)
    at Socket.<anonymous> (D:\Projects\Companies\Luminar\Zaky's Code\chat-back\node_modules\mysql2\lib\base\connection.js:100:25)
    at Socket.emit (node:events:519:28)
    at addChunk (node:internal/streams/readable:559:12)
    at readableAddChunkPushByteMode (node:internal/streams/readable:510:3)
    at Readable.push (node:internal/streams/readable:390:5)
    at TCP.onStreamRead (node:internal/stream_base_commons:191:23)
2025-06-21T00:47:54.731Z error: SequelizeEagerLoadingError: Category is associated to Category using an alias. You've included an alias (categories), but it does not match the alias(es) defined in your association (category).
    at Category._getIncludedAssociation (D:\Projects\Companies\Luminar\Zaky's Code\chat-back\node_modules\sequelize\lib\model.js:723:15)
    at Category._validateIncludedElement (D:\Projects\Companies\Luminar\Zaky's Code\chat-back\node_modules\sequelize\lib\model.js:618:53)
    at D:\Projects\Companies\Luminar\Zaky's Code\chat-back\node_modules\sequelize\lib\model.js:515:37
    at Array.map (<anonymous>)
    at Category._validateIncludedElements (D:\Projects\Companies\Luminar\Zaky's Code\chat-back\node_modules\sequelize\lib\model.js:510:39)
    at D:\Projects\Companies\Luminar\Zaky's Code\chat-back\node_modules\sequelize\lib\model.js:1725:14
    at tryCatcher (D:\Projects\Companies\Luminar\Zaky's Code\chat-back\node_modules\bluebird\js\release\util.js:16:23)
    at Promise._settlePromiseFromHandler (D:\Projects\Companies\Luminar\Zaky's Code\chat-back\node_modules\bluebird\js\release\promise.js:547:31)
    at Promise._settlePromise (D:\Projects\Companies\Luminar\Zaky's Code\chat-back\node_modules\bluebird\js\release\promise.js:604:18)
    at Promise._settlePromise0 (D:\Projects\Companies\Luminar\Zaky's Code\chat-back\node_modules\bluebird\js\release\promise.js:649:10)
    at Promise._settlePromises (D:\Projects\Companies\Luminar\Zaky's Code\chat-back\node_modules\bluebird\js\release\promise.js:729:18)
    at _drainQueueStep (D:\Projects\Companies\Luminar\Zaky's Code\chat-back\node_modules\bluebird\js\release\async.js:93:12)
    at _drainQueue (D:\Projects\Companies\Luminar\Zaky's Code\chat-back\node_modules\bluebird\js\release\async.js:86:9)
    at Async._drainQueues (D:\Projects\Companies\Luminar\Zaky's Code\chat-back\node_modules\bluebird\js\release\async.js:102:5)
    at Async.drainQueues [as _onImmediate] (D:\Projects\Companies\Luminar\Zaky's Code\chat-back\node_modules\bluebird\js\release\async.js:15:14)
    at process.processImmediate (node:internal/timers:483:21)
2025-06-21T00:48:18.020Z error: SequelizeDatabaseError: Unknown column 'Category.categoryId' in 'field list'
    at Query.formatError (D:\Projects\Companies\Luminar\Zaky's Code\chat-back\node_modules\sequelize\lib\dialects\mysql\query.js:243:16)
    at Query.handler [as onResult] (D:\Projects\Companies\Luminar\Zaky's Code\chat-back\node_modules\sequelize\lib\dialects\mysql\query.js:50:23)
    at Query.execute (D:\Projects\Companies\Luminar\Zaky's Code\chat-back\node_modules\mysql2\lib\commands\command.js:36:14)
    at Connection.handlePacket (D:\Projects\Companies\Luminar\Zaky's Code\chat-back\node_modules\mysql2\lib\base\connection.js:475:34)
    at PacketParser.onPacket (D:\Projects\Companies\Luminar\Zaky's Code\chat-back\node_modules\mysql2\lib\base\connection.js:93:12)
    at PacketParser.executeStart (D:\Projects\Companies\Luminar\Zaky's Code\chat-back\node_modules\mysql2\lib\packet_parser.js:75:16)
    at Socket.<anonymous> (D:\Projects\Companies\Luminar\Zaky's Code\chat-back\node_modules\mysql2\lib\base\connection.js:100:25)
    at Socket.emit (node:events:519:28)
    at addChunk (node:internal/streams/readable:559:12)
    at readableAddChunkPushByteMode (node:internal/streams/readable:510:3)
    at Readable.push (node:internal/streams/readable:390:5)
    at TCP.onStreamRead (node:internal/stream_base_commons:191:23)
2025-06-21T00:51:51.002Z error: SequelizeEagerLoadingError: Category is not associated to Category!
    at Category._getIncludedAssociation (D:\Projects\Companies\Luminar\Zaky's Code\chat-back\node_modules\sequelize\lib\model.js:714:13)
    at Category._validateIncludedElement (D:\Projects\Companies\Luminar\Zaky's Code\chat-back\node_modules\sequelize\lib\model.js:618:53)
    at D:\Projects\Companies\Luminar\Zaky's Code\chat-back\node_modules\sequelize\lib\model.js:515:37
    at Array.map (<anonymous>)
    at Category._validateIncludedElements (D:\Projects\Companies\Luminar\Zaky's Code\chat-back\node_modules\sequelize\lib\model.js:510:39)
    at D:\Projects\Companies\Luminar\Zaky's Code\chat-back\node_modules\sequelize\lib\model.js:1725:14
    at tryCatcher (D:\Projects\Companies\Luminar\Zaky's Code\chat-back\node_modules\bluebird\js\release\util.js:16:23)
    at Promise._settlePromiseFromHandler (D:\Projects\Companies\Luminar\Zaky's Code\chat-back\node_modules\bluebird\js\release\promise.js:547:31)
    at Promise._settlePromise (D:\Projects\Companies\Luminar\Zaky's Code\chat-back\node_modules\bluebird\js\release\promise.js:604:18)
    at Promise._settlePromise0 (D:\Projects\Companies\Luminar\Zaky's Code\chat-back\node_modules\bluebird\js\release\promise.js:649:10)
    at Promise._settlePromises (D:\Projects\Companies\Luminar\Zaky's Code\chat-back\node_modules\bluebird\js\release\promise.js:729:18)
    at _drainQueueStep (D:\Projects\Companies\Luminar\Zaky's Code\chat-back\node_modules\bluebird\js\release\async.js:93:12)
    at _drainQueue (D:\Projects\Companies\Luminar\Zaky's Code\chat-back\node_modules\bluebird\js\release\async.js:86:9)
    at Async._drainQueues (D:\Projects\Companies\Luminar\Zaky's Code\chat-back\node_modules\bluebird\js\release\async.js:102:5)
    at Async.drainQueues [as _onImmediate] (D:\Projects\Companies\Luminar\Zaky's Code\chat-back\node_modules\bluebird\js\release\async.js:15:14)
    at process.processImmediate (node:internal/timers:483:21)
2025-06-21T00:58:51.368Z error: SequelizeDatabaseError: Unknown column 'Category.categoryId' in 'where clause'
    at Query.formatError (D:\Projects\Companies\Luminar\Zaky's Code\chat-back\node_modules\sequelize\lib\dialects\mysql\query.js:243:16)
    at Query.handler [as onResult] (D:\Projects\Companies\Luminar\Zaky's Code\chat-back\node_modules\sequelize\lib\dialects\mysql\query.js:50:23)
    at Query.execute (D:\Projects\Companies\Luminar\Zaky's Code\chat-back\node_modules\mysql2\lib\commands\command.js:36:14)
    at Connection.handlePacket (D:\Projects\Companies\Luminar\Zaky's Code\chat-back\node_modules\mysql2\lib\base\connection.js:475:34)
    at PacketParser.onPacket (D:\Projects\Companies\Luminar\Zaky's Code\chat-back\node_modules\mysql2\lib\base\connection.js:93:12)
    at PacketParser.executeStart (D:\Projects\Companies\Luminar\Zaky's Code\chat-back\node_modules\mysql2\lib\packet_parser.js:75:16)
    at Socket.<anonymous> (D:\Projects\Companies\Luminar\Zaky's Code\chat-back\node_modules\mysql2\lib\base\connection.js:100:25)
    at Socket.emit (node:events:519:28)
    at addChunk (node:internal/streams/readable:559:12)
    at readableAddChunkPushByteMode (node:internal/streams/readable:510:3)
    at Readable.push (node:internal/streams/readable:390:5)
    at TCP.onStreamRead (node:internal/stream_base_commons:191:23)
2025-06-21T00:59:35.400Z error: SequelizeDatabaseError: Unknown column 'Category.categoryId' in 'where clause'
    at Query.formatError (D:\Projects\Companies\Luminar\Zaky's Code\chat-back\node_modules\sequelize\lib\dialects\mysql\query.js:243:16)
    at Query.handler [as onResult] (D:\Projects\Companies\Luminar\Zaky's Code\chat-back\node_modules\sequelize\lib\dialects\mysql\query.js:50:23)
    at Query.execute (D:\Projects\Companies\Luminar\Zaky's Code\chat-back\node_modules\mysql2\lib\commands\command.js:36:14)
    at Connection.handlePacket (D:\Projects\Companies\Luminar\Zaky's Code\chat-back\node_modules\mysql2\lib\base\connection.js:475:34)
    at PacketParser.onPacket (D:\Projects\Companies\Luminar\Zaky's Code\chat-back\node_modules\mysql2\lib\base\connection.js:93:12)
    at PacketParser.executeStart (D:\Projects\Companies\Luminar\Zaky's Code\chat-back\node_modules\mysql2\lib\packet_parser.js:75:16)
    at Socket.<anonymous> (D:\Projects\Companies\Luminar\Zaky's Code\chat-back\node_modules\mysql2\lib\base\connection.js:100:25)
    at Socket.emit (node:events:519:28)
    at addChunk (node:internal/streams/readable:559:12)
    at readableAddChunkPushByteMode (node:internal/streams/readable:510:3)
    at Readable.push (node:internal/streams/readable:390:5)
    at TCP.onStreamRead (node:internal/stream_base_commons:191:23)
2025-06-21T01:00:06.849Z error: SequelizeDatabaseError: Unknown column 'Category.categoryId' in 'where clause'
    at Query.formatError (D:\Projects\Companies\Luminar\Zaky's Code\chat-back\node_modules\sequelize\lib\dialects\mysql\query.js:243:16)
    at Query.handler [as onResult] (D:\Projects\Companies\Luminar\Zaky's Code\chat-back\node_modules\sequelize\lib\dialects\mysql\query.js:50:23)
    at Query.execute (D:\Projects\Companies\Luminar\Zaky's Code\chat-back\node_modules\mysql2\lib\commands\command.js:36:14)
    at Connection.handlePacket (D:\Projects\Companies\Luminar\Zaky's Code\chat-back\node_modules\mysql2\lib\base\connection.js:475:34)
    at PacketParser.onPacket (D:\Projects\Companies\Luminar\Zaky's Code\chat-back\node_modules\mysql2\lib\base\connection.js:93:12)
    at PacketParser.executeStart (D:\Projects\Companies\Luminar\Zaky's Code\chat-back\node_modules\mysql2\lib\packet_parser.js:75:16)
    at Socket.<anonymous> (D:\Projects\Companies\Luminar\Zaky's Code\chat-back\node_modules\mysql2\lib\base\connection.js:100:25)
    at Socket.emit (node:events:519:28)
    at addChunk (node:internal/streams/readable:559:12)
    at readableAddChunkPushByteMode (node:internal/streams/readable:510:3)
    at Readable.push (node:internal/streams/readable:390:5)
    at TCP.onStreamRead (node:internal/stream_base_commons:191:23)
2025-06-21T01:03:18.902Z error: SequelizeDatabaseError: Unknown column 'Category.categoryId' in 'where clause'
    at Query.formatError (D:\Projects\Companies\Luminar\Zaky's Code\chat-back\node_modules\sequelize\lib\dialects\mysql\query.js:243:16)
    at Query.handler [as onResult] (D:\Projects\Companies\Luminar\Zaky's Code\chat-back\node_modules\sequelize\lib\dialects\mysql\query.js:50:23)
    at Query.execute (D:\Projects\Companies\Luminar\Zaky's Code\chat-back\node_modules\mysql2\lib\commands\command.js:36:14)
    at Connection.handlePacket (D:\Projects\Companies\Luminar\Zaky's Code\chat-back\node_modules\mysql2\lib\base\connection.js:475:34)
    at PacketParser.onPacket (D:\Projects\Companies\Luminar\Zaky's Code\chat-back\node_modules\mysql2\lib\base\connection.js:93:12)
    at PacketParser.executeStart (D:\Projects\Companies\Luminar\Zaky's Code\chat-back\node_modules\mysql2\lib\packet_parser.js:75:16)
    at Socket.<anonymous> (D:\Projects\Companies\Luminar\Zaky's Code\chat-back\node_modules\mysql2\lib\base\connection.js:100:25)
    at Socket.emit (node:events:519:28)
    at addChunk (node:internal/streams/readable:559:12)
    at readableAddChunkPushByteMode (node:internal/streams/readable:510:3)
    at Readable.push (node:internal/streams/readable:390:5)
    at TCP.onStreamRead (node:internal/stream_base_commons:191:23)
