2025-06-17T22:28:29.785Z error: SequelizeDatabaseError: Unknown column 'createdAt' in 'field list'
    at Query.formatError (D:\Projects\Companies\Luminar\Zaky's Code\chat-back\node_modules\sequelize\lib\dialects\mysql\query.js:243:16)
    at Query.handler [as onResult] (D:\Projects\Companies\Luminar\Zaky's Code\chat-back\node_modules\sequelize\lib\dialects\mysql\query.js:50:23)
    at Query.execute (D:\Projects\Companies\Luminar\Zaky's Code\chat-back\node_modules\mysql2\lib\commands\command.js:36:14)
    at Connection.handlePacket (D:\Projects\Companies\Luminar\Zaky's Code\chat-back\node_modules\mysql2\lib\base\connection.js:475:34)
    at PacketParser.onPacket (D:\Projects\Companies\Luminar\Zaky's Code\chat-back\node_modules\mysql2\lib\base\connection.js:93:12)
    at PacketParser.executeStart (D:\Projects\Companies\Luminar\Zaky's Code\chat-back\node_modules\mysql2\lib\packet_parser.js:75:16)
    at Socket.<anonymous> (D:\Projects\Companies\Luminar\Zaky's Code\chat-back\node_modules\mysql2\lib\base\connection.js:100:25)
    at Socket.emit (node:events:519:28)
    at addChunk (node:internal/streams/readable:559:12)
    at readableAddChunkPushByteMode (node:internal/streams/readable:510:3)
    at Readable.push (node:internal/streams/readable:390:5)
    at TCP.onStreamRead (node:internal/stream_base_commons:191:23)
2025-06-17T22:28:53.541Z error: SequelizeDatabaseError: Unknown column 'chat_conversations.createdAt' in 'where clause'
    at Query.formatError (D:\Projects\Companies\Luminar\Zaky's Code\chat-back\node_modules\sequelize\lib\dialects\mysql\query.js:243:16)
    at Query.handler [as onResult] (D:\Projects\Companies\Luminar\Zaky's Code\chat-back\node_modules\sequelize\lib\dialects\mysql\query.js:50:23)
    at Query.execute (D:\Projects\Companies\Luminar\Zaky's Code\chat-back\node_modules\mysql2\lib\commands\command.js:36:14)
    at Connection.handlePacket (D:\Projects\Companies\Luminar\Zaky's Code\chat-back\node_modules\mysql2\lib\base\connection.js:475:34)
    at PacketParser.onPacket (D:\Projects\Companies\Luminar\Zaky's Code\chat-back\node_modules\mysql2\lib\base\connection.js:93:12)
    at PacketParser.executeStart (D:\Projects\Companies\Luminar\Zaky's Code\chat-back\node_modules\mysql2\lib\packet_parser.js:75:16)
    at Socket.<anonymous> (D:\Projects\Companies\Luminar\Zaky's Code\chat-back\node_modules\mysql2\lib\base\connection.js:100:25)
    at Socket.emit (node:events:519:28)
    at addChunk (node:internal/streams/readable:559:12)
    at readableAddChunkPushByteMode (node:internal/streams/readable:510:3)
    at Readable.push (node:internal/streams/readable:390:5)
    at TCP.onStreamRead (node:internal/stream_base_commons:191:23)
2025-06-17T22:30:33.175Z error: SequelizeDatabaseError: Unknown column 'chat_conversations.createdAt' in 'where clause'
    at Query.formatError (D:\Projects\Companies\Luminar\Zaky's Code\chat-back\node_modules\sequelize\lib\dialects\mysql\query.js:243:16)
    at Query.handler [as onResult] (D:\Projects\Companies\Luminar\Zaky's Code\chat-back\node_modules\sequelize\lib\dialects\mysql\query.js:50:23)
    at Query.execute (D:\Projects\Companies\Luminar\Zaky's Code\chat-back\node_modules\mysql2\lib\commands\command.js:36:14)
    at Connection.handlePacket (D:\Projects\Companies\Luminar\Zaky's Code\chat-back\node_modules\mysql2\lib\base\connection.js:475:34)
    at PacketParser.onPacket (D:\Projects\Companies\Luminar\Zaky's Code\chat-back\node_modules\mysql2\lib\base\connection.js:93:12)
    at PacketParser.executeStart (D:\Projects\Companies\Luminar\Zaky's Code\chat-back\node_modules\mysql2\lib\packet_parser.js:75:16)
    at Socket.<anonymous> (D:\Projects\Companies\Luminar\Zaky's Code\chat-back\node_modules\mysql2\lib\base\connection.js:100:25)
    at Socket.emit (node:events:519:28)
    at addChunk (node:internal/streams/readable:559:12)
    at readableAddChunkPushByteMode (node:internal/streams/readable:510:3)
    at Readable.push (node:internal/streams/readable:390:5)
    at TCP.onStreamRead (node:internal/stream_base_commons:191:23)
2025-06-17T22:31:05.853Z error: SequelizeDatabaseError: Unknown column 'createdAt' in 'field list'
    at Query.formatError (D:\Projects\Companies\Luminar\Zaky's Code\chat-back\node_modules\sequelize\lib\dialects\mysql\query.js:243:16)
    at Query.handler [as onResult] (D:\Projects\Companies\Luminar\Zaky's Code\chat-back\node_modules\sequelize\lib\dialects\mysql\query.js:50:23)
    at Query.execute (D:\Projects\Companies\Luminar\Zaky's Code\chat-back\node_modules\mysql2\lib\commands\command.js:36:14)
    at Connection.handlePacket (D:\Projects\Companies\Luminar\Zaky's Code\chat-back\node_modules\mysql2\lib\base\connection.js:475:34)
    at PacketParser.onPacket (D:\Projects\Companies\Luminar\Zaky's Code\chat-back\node_modules\mysql2\lib\base\connection.js:93:12)
    at PacketParser.executeStart (D:\Projects\Companies\Luminar\Zaky's Code\chat-back\node_modules\mysql2\lib\packet_parser.js:75:16)
    at Socket.<anonymous> (D:\Projects\Companies\Luminar\Zaky's Code\chat-back\node_modules\mysql2\lib\base\connection.js:100:25)
    at Socket.emit (node:events:519:28)
    at addChunk (node:internal/streams/readable:559:12)
    at readableAddChunkPushByteMode (node:internal/streams/readable:510:3)
    at Readable.push (node:internal/streams/readable:390:5)
    at TCP.onStreamRead (node:internal/stream_base_commons:191:23)
